Bolyra Conformance Test Runner v0.6.0
28 test vectors loaded

  host-allow-well-behaved: PASS
  host-relay-well-behaved-deny: PASS
  host-deny-non-json-stdout: PASS
  host-deny-multiple-objects: PASS
  host-deny-schema-invalid-verdict: PASS
  host-deny-unknown-denial-code: FAIL -- failure_class mismatch: got 'undefined', want one of ["schema_invalid"]
  host-deny-deny-missing-fields: PASS
  host-deny-allow-trailing-garbage: PASS
  host-deny-no-output-timeout: PASS
  host-deny-partial-json-timeout: PASS
  host-deny-nonzero-exit-after-allow: PASS
  host-deny-killed-by-signal: PASS
  host-deny-oversize-stdout: PASS
  host-nonce-reserve-novel-allow: PASS
  host-nonce-reserve-replay-deny: PASS
  host-nonce-reserve-all-any-conflict-deny: PASS
  host-deny-allow-extra-property: PASS
  host-deny-bad-kind: PASS
  host-deny-empty-consume-nonces: PASS
  host-deny-malformed-consume-nonce: PASS
  host-deny-deny-extra-property: PASS
  host-deny-nonce-entry-extra-property: PASS
  host-deny-nonce-entry-wrong-type: PASS
  host-deny-binary-garbage-stdout: PASS
  host-deny-leading-garbage: PASS
  host-deny-slow-allow-past-deadline: PASS
  host-allow-well-behaved-kind-classical: PASS
  host-allow-well-behaved-kind-external: PASS

27 passed, 1 failed, 0 skipped
